GHANA
USA
GHANA
POLAND
RUSSIA
GERMANY
RUSSIA
GHANA
GERMANY
USA
RUSSIA
BRAZIL
CHINA
BRAZIL
USA
CHINA
CHINA
RUSSIA
GHANA
CHINA
GHANA
CHINA
USA
GHANA
USA
GERMANY
CHINA
GHANA
GHANA
USA
RUSSIA
RUSSIA
BRAZIL
CHINA
GERMANY
RUSSIA
GERMANY
RUSSIA
GERMANY
GHANA
USA
BRAZIL
RUSSIA
USA
BRAZIL
GERMANY
CHINA
CHINA
CHINA
USA
USA
GHANA
BRAZIL
CHINA
GERMANY
GERMANY
POLAND
GHANA
RUSSIA
GERMANY
GERMANY
POLAND
RUSSIA
USA
POLAND
CHINA
RUSSIA
CHINA
RUSSIA
GERMANY
USA
USA
GHANA
GHANA
BRAZIL
CHINA
RUSSIA
POLAND
GERMANY
BRAZIL
CHINA
CHINA
BRAZIL
CHINA
RUSSIA
BRAZIL
POLAND
POLAND
USA
POLAND
RUSSIA
GERMANY
GHANA
GERMANY
GERMANY
GHANA
GERMANY
CHINA
GHANA
POLAND
USA
CHINA
CHINA
GERMANY
GERMANY
BRAZIL
GERMANY
USA
GHANA
POLAND
POLAND
BRAZIL
GHANA
RUSSIA
POLAND
GERMANY
GHANA
GHANA
GERMANY
RUSSIA
USA
USA
GHANA
USA
CHINA
CHINA
CHINA
USA
POLAND
GHANA
GHANA
USA
GERMANY
USA
USA
GERMANY
CHINA
RUSSIA
GHANA
BRAZIL
BRAZIL
POLAND
GERMANY
GHANA
USA
RUSSIA
GERMANY
CHINA
RUSSIA
CHINA
POLAND
CHINA
USA
CHINA
BRAZIL
BRAZIL
BRAZIL
POLAND
CHINA
GERMANY
GHANA
CHINA
RUSSIA
CHINA
POLAND
POLAND
USA
CHINA
BRAZIL
POLAND
CHINA
CHINA
POLAND
GERMANY
CHINA
GERMANY
CHINA
GERMANY
USA
GHANA
GERMANY
CHINA
POLAND
USA
CHINA
GHANA
RUSSIA
GHANA
POLAND
BRAZIL
BRAZIL
BRAZIL
CHINA
BRAZIL
GHANA
RUSSIA
BRAZIL
GHANA
CHINA
RUSSIA
GHANA
POLAND
GHANA
CHINA
CHINA
BRAZIL
USA
BRAZIL
POLAND
GERMANY
RUSSIA
POLAND
CHINA
USA
GHANA
RUSSIA
POLAND
BRAZIL
RUSSIA
POLAND
POLAND
GHANA
GERMANY
GHANA
USA
RUSSIA
USA
RUSSIA
POLAND
POLAND
GHANA
BRAZIL
GHANA
GHANA
POLAND
BRAZIL
BRAZIL
GHANA
POLAND
GERMANY
RUSSIA
GHANA
GERMANY
GERMANY
RUSSIA
CHINA
BRAZIL
GHANA
USA
BRAZIL
BRAZIL
RUSSIA
RUSSIA
GERMANY
GERMANY
USA
RUSSIA
BRAZIL
GHANA
USA
USA
